{
  "data": {
    "patchBoard": {
      "board": {
        "id": 1,
        "name": "New Name Example!",
        "columns": []
      }
    }
  }
}
