{"data":{"addBoard":{"board":{"id":4,"name":"Example","columns":[]}}}}
