[
  {
    "Id": 4,
    "Name": "Samia Kirk",
    "Books": []
  }
]
