{"data":{"me":{"id":"158ef677-f7a1-424a-bea4-0d6d8ec95717","discordUsername":null,"discordAvatarUrl":null}}}
