{"data":{"me":{"id":"458ef677-f7a1-424a-bea4-0d6d8ec95717","discordUsername":"qwuiewou","discordAvatarUrl":"https://cdn.discordapp.com/avatars/159484228503624441/gyfujnokygujokmplyhjnk"}}}
