schema {
  query: Query
}

type Author {
  name: String!
  books: [Book!]!
}

type Book {
  title: String!
}

type Query {
  authors: [Author!]!
  book: Book!
}
