{
  "data": {
    "deleteColumn": {
      "column": {
        "id": 10,
        "name": "Example",
        "mainTasks": []
      }
    }
  }
}
