{"data":{"authors":[{"name":"Samia Kirk","books":[{"title":"Sand"},{"title":"Fire"}]}]}}
