{
  "errors": [
    {
      "message": "Index -2 out of scope.",
      "extensions": {
        "code": "WRONG_INPUT"
      }
    }
  ],
  "data": null
}
