{
  "data": {
    "deleteSubTask": {
      "mainTask": {
        "description": "",
        "id": 1,
        "status": "Todo",
        "title": "Build UI for onboarding flow",
        "subTasks": [
          {
            "id": 2,
            "isCompleted": false,
            "title": "Sign in page"
          },
          {
            "id": 3,
            "isCompleted": false,
            "title": "Welcome page"
          }
        ]
      }
    }
  }
}
