{"data":{"patchColumn":{"board":{"id":1,"name":"Platform Launch","columns":[{"id":1,"name":"New Column Name Example!","mainTasks":[]},{"id":2,"name":"Doing","mainTasks":[]},{"id":3,"name":"Done","mainTasks":[]}]}}}}
